// Jest Snapshot v1, https://goo.gl/fbAQLP

exports[`directoryToAst() Schema ./__testSchema__ mutation has proper values 1`] = `
Object {
  "absPath": Any<String>,
  "children": Object {
    "auth": Object {
      "absPath": Any<String>,
      "children": Object {
        "login": ObjectContaining {
          "kind": "file",
        },
        "logout": ObjectContaining {
          "kind": "file",
        },
        "nested": ObjectContaining {
          "kind": "dir",
        },
      },
      "kind": "dir",
      "name": "auth",
      "namespaceConfig": ObjectContaining {
        "kind": "file",
      },
    },
    "logs.nested": Object {
      "absPath": Any<String>,
      "children": Object {
        "list": ObjectContaining {
          "kind": "file",
        },
      },
      "kind": "dir",
      "name": "logs.nested",
    },
    "user": Object {
      "absPath": Any<String>,
      "children": Object {
        "create": ObjectContaining {
          "kind": "file",
        },
        "update": ObjectContaining {
          "kind": "file",
        },
      },
      "kind": "dir",
      "name": "user",
    },
  },
  "kind": "rootType",
  "name": "mutation",
}
`;

exports[`directoryToAst() Schema ./__testSchema__ query has proper values 1`] = `
Object {
  "absPath": Any<String>,
  "children": Object {
    "auth": Object {
      "absPath": Any<String>,
      "children": Object {
        "isLoggedIn": ObjectContaining {
          "kind": "file",
        },
        "nested": ObjectContaining {
          "kind": "dir",
        },
      },
      "kind": "dir",
      "name": "auth",
      "namespaceConfig": Object {
        "absPath": "/Users/nodkz/www/_npm/graphql-compose-modules/src/__tests__/__testSchema__/query.auth/index.ts",
        "code": Object {
          "default": Object {
            "type": "NamespaceCustomTypeName",
          },
        },
        "kind": "file",
        "name": "index",
      },
    },
    "field": ObjectContaining {
      "kind": "file",
    },
    "me": Object {
      "absPath": Any<String>,
      "children": Object {
        "address.city": ObjectContaining {
          "kind": "file",
        },
        "address.street": ObjectContaining {
          "kind": "file",
        },
        "name": ObjectContaining {
          "kind": "file",
        },
      },
      "kind": "dir",
      "name": "me",
      "namespaceConfig": Object {
        "absPath": Any<String>,
        "code": Any<Object>,
        "kind": "file",
        "name": "index",
      },
    },
    "some.index": Any<Object>,
    "some.nested": ObjectContaining {
      "kind": "file",
    },
    "user": Object {
      "absPath": Any<String>,
      "children": Object {
        "extendedData": Any<Object>,
        "roles": Any<Object>,
      },
      "kind": "dir",
      "name": "user",
      "namespaceConfig": Any<Object>,
    },
  },
  "kind": "rootType",
  "name": "query",
  "namespaceConfig": Any<Object>,
}
`;
