// Jest Snapshot v1, https://goo.gl/fbAQLP

exports[`directoryToAst() Schema ./__testSchema__ mutation has proper values 1`] = `
Object {
  "absPath": Any<String>,
  "children": Object {
    "auth": Object {
      "absPath": Any<String>,
      "children": Object {
        "index": ObjectContaining {
          "kind": "file",
        },
        "login": ObjectContaining {
          "kind": "file",
        },
        "logout": ObjectContaining {
          "kind": "file",
        },
        "nested": ObjectContaining {
          "kind": "dir",
        },
      },
      "kind": "dir",
      "name": "auth",
    },
    "logs.nested": Object {
      "absPath": Any<String>,
      "children": Object {
        "list": ObjectContaining {
          "kind": "file",
        },
      },
      "kind": "dir",
      "name": "logs.nested",
    },
    "user": Object {
      "absPath": Any<String>,
      "children": Object {
        "create": ObjectContaining {
          "kind": "file",
        },
        "update": ObjectContaining {
          "kind": "file",
        },
      },
      "kind": "dir",
      "name": "user",
    },
  },
  "kind": "rootType",
  "name": "mutation",
}
`;

exports[`directoryToAst() Schema ./__testSchema__ query has proper values 1`] = `
Object {
  "absPath": Any<String>,
  "children": Object {
    "auth": ObjectContaining {
      "kind": "dir",
    },
    "field": ObjectContaining {
      "kind": "file",
    },
    "index": Object {
      "absPath": Any<String>,
      "code": Any<Object>,
      "kind": "file",
      "name": "index",
    },
    "me": Object {
      "absPath": Any<String>,
      "children": Object {
        "address.city": ObjectContaining {
          "kind": "file",
        },
        "address.street": ObjectContaining {
          "kind": "file",
        },
        "index": Object {
          "absPath": Any<String>,
          "code": Any<Object>,
          "kind": "file",
          "name": "index",
        },
        "name": ObjectContaining {
          "kind": "file",
        },
      },
      "kind": "dir",
      "name": "me",
    },
    "some.nested": ObjectContaining {
      "kind": "file",
    },
    "some.type.index": Any<Object>,
    "user": Object {
      "absPath": Any<String>,
      "children": Object {
        "extendedData": Any<Object>,
        "index": Any<Object>,
        "roles": Any<Object>,
      },
      "kind": "dir",
      "name": "user",
    },
  },
  "kind": "rootType",
  "name": "query",
}
`;
